Γû▓ Next.js 16.1.6 (Turbopack)

  Creating an optimized production build ...
node : 
At line:1 char:1
+ node node_modules\nex
t\dist\bin\next build 
> build_output.log 2>&1
+ ~~~~~~~~~~~~~~~~~~~~~
~~~~~~~~~~~~~~~~~~~~~~~
~~~~~~~~~~~~~~~~~~~~~~
    + CategoryInfo     
         : NotSpecifi  
  ed: (:String) [],    
 RemoteException
    + FullyQualifiedEr 
   rorId : NativeComm  
  andError
 
> Build error occurred
Error: Turbopack build 
failed with 1 errors:
./components/shared/pre
loader.tsx:44:11
Parsing ecmascript 
source code failed
[0m [90m 42 |[39m   
        
exit[33m=[39m{{ 
y[33m:[39m 
[32m'-100%'[39m }}
 [90m 43 |[39m       
    transition[33m=[3
9m{{ 
duration[33m:[39m [3
5m0.8[39m[33m,[39m 
ease[33m:[39m [[35m0
.22[39m[33m,[39m 
[35m1[39m[33m,[39m 
[35m0.36[39m[33m,[3
9m [35m1[39m] }}
[31m[1m>[22m[39m[9
0m 44 |[39m           
[33m<[39m[33mdiv[39
m className[33m=[39m
[32m"fixed inset-0 
z-[100] bg-[#050403] 
flex items-center justi
fy-center"[39m[33m>[
39m
 [90m    |[39m       
    
[31m[1m^[22m[39m
 [90m 45 |[39m       
      [33m<[39m[33md
iv[39m className[33m=
[39m[32m"text-center 
flex flex-col items-cen
ter"[39m[33m>[39m
 [90m 46 |[39m       
        [33m<[39m[33
mmotion[39m[33m.[39m
div
 [90m 47 |[39m       
          
initial[33m=[39m{{ 
opacity[33m:[39m 
[35m0[39m[33m,[39m 
scale[33m:[39m [35m0
.9[39m[33m,[39m 
filter[33m:[39m 
[32m'blur(10px)'[39m 
}}[0m

Expression expected

Import trace:
  Server Component:
    ./components/shared
/preloader.tsx
    ./app/layout.tsx


    at <unknown> (./com
ponents/shared/preloade
r.tsx:44:11)
